$ git init

$ git add *.c
$ git add LICENSE
$ git commit -m 'initial project version'

$ git clone https://github.com/rmbpascual/rmbpascual_githubpractice

$ git status
On branch master
nothing to commit, working directory clean

$ echo 'My Project' > README
$ git status
On branch master
Untracked files:
  (use "git add <file>..." to include in what will be committed)

    README

nothing added to commit but untracked files present (use "git add" to track)

$ git add README

$ git status
On branch master
Changes to be committed:
  (use "git reset HEAD <file>..." to unstage)

    new file:   README
